[2026-05-20T15:50:39.509Z] [INFO] Scheduled task: Full anatomy rescan (0 */6 * * *)
[2026-05-20T15:50:39.510Z] [INFO] Scheduled task: Consolidate old memory (0 2 * * *)
[2026-05-20T15:50:39.510Z] [INFO] Scheduled task: Token audit report (0 0 * * 1)
[2026-05-20T15:50:39.510Z] [INFO] Scheduled task: Cerebrum reflection (0 3 * * 0)
[2026-05-20T15:50:39.511Z] [INFO] Scheduled task: AI suggestions (0 4 * * 1)
[2026-05-20T15:50:39.511Z] [INFO] File watcher started on .wolf/
[2026-05-20T15:50:39.512Z] [INFO] OpenWolf daemon started
[2026-05-20T15:50:39.512Z] [INFO] Dashboard server listening on port 18791
[2026-05-20T15:50:39.671Z] [INFO] Scheduled task: Full anatomy rescan (0 */6 * * *)
[2026-05-20T15:50:39.672Z] [INFO] Scheduled task: Consolidate old memory (0 2 * * *)
[2026-05-20T15:50:39.672Z] [INFO] Scheduled task: Token audit report (0 0 * * 1)
[2026-05-20T15:50:39.672Z] [INFO] Scheduled task: Cerebrum reflection (0 3 * * 0)
[2026-05-20T15:50:39.673Z] [INFO] Scheduled task: AI suggestions (0 4 * * 1)
[2026-05-20T15:50:39.673Z] [INFO] File watcher started on .wolf/
[2026-05-20T15:50:39.674Z] [INFO] OpenWolf daemon started
[2026-05-20T15:50:39.674Z] [INFO] Dashboard server listening on port 18791
[2026-05-20T15:50:39.835Z] [INFO] Scheduled task: Full anatomy rescan (0 */6 * * *)
[2026-05-20T15:50:39.836Z] [INFO] Scheduled task: Consolidate old memory (0 2 * * *)
[2026-05-20T15:50:39.837Z] [INFO] Scheduled task: Token audit report (0 0 * * 1)
[2026-05-20T15:50:39.837Z] [INFO] Scheduled task: Cerebrum reflection (0 3 * * 0)
[2026-05-20T15:50:39.837Z] [INFO] Scheduled task: AI suggestions (0 4 * * 1)
[2026-05-20T15:50:39.838Z] [INFO] File watcher started on .wolf/
[2026-05-20T15:50:39.838Z] [INFO] OpenWolf daemon started
[2026-05-20T15:50:39.839Z] [INFO] Dashboard server listening on port 18791
[2026-05-20T15:50:40.003Z] [INFO] Scheduled task: Full anatomy rescan (0 */6 * * *)
[2026-05-20T15:50:40.005Z] [INFO] Scheduled task: Consolidate old memory (0 2 * * *)
[2026-05-20T15:50:40.005Z] [INFO] Scheduled task: Token audit report (0 0 * * 1)
[2026-05-20T15:50:40.005Z] [INFO] Scheduled task: Cerebrum reflection (0 3 * * 0)
[2026-05-20T15:50:40.005Z] [INFO] Scheduled task: AI suggestions (0 4 * * 1)
[2026-05-20T15:50:40.006Z] [INFO] File watcher started on .wolf/
[2026-05-20T15:50:40.007Z] [INFO] OpenWolf daemon started
[2026-05-20T15:50:40.007Z] [INFO] Dashboard server listening on port 18791
[2026-05-20T15:50:40.166Z] [INFO] Scheduled task: Full anatomy rescan (0 */6 * * *)
[2026-05-20T15:50:40.167Z] [INFO] Scheduled task: Consolidate old memory (0 2 * * *)
[2026-05-20T15:50:40.168Z] [INFO] Scheduled task: Token audit report (0 0 * * 1)
[2026-05-20T15:50:40.168Z] [INFO] Scheduled task: Cerebrum reflection (0 3 * * 0)
[2026-05-20T15:50:40.168Z] [INFO] Scheduled task: AI suggestions (0 4 * * 1)
[2026-05-20T15:50:40.169Z] [INFO] File watcher started on .wolf/
[2026-05-20T15:50:40.169Z] [INFO] OpenWolf daemon started
[2026-05-20T15:50:40.170Z] [INFO] Dashboard server listening on port 18791
[2026-05-20T15:50:40.323Z] [INFO] Scheduled task: Full anatomy rescan (0 */6 * * *)
[2026-05-20T15:50:40.325Z] [INFO] Scheduled task: Consolidate old memory (0 2 * * *)
[2026-05-20T15:50:40.325Z] [INFO] Scheduled task: Token audit report (0 0 * * 1)
[2026-05-20T15:50:40.325Z] [INFO] Scheduled task: Cerebrum reflection (0 3 * * 0)
[2026-05-20T15:50:40.326Z] [INFO] Scheduled task: AI suggestions (0 4 * * 1)
[2026-05-20T15:50:40.326Z] [INFO] File watcher started on .wolf/
[2026-05-20T15:50:40.327Z] [INFO] OpenWolf daemon started
[2026-05-20T15:50:40.327Z] [INFO] Dashboard server listening on port 18791
[2026-05-20T15:50:40.483Z] [INFO] Scheduled task: Full anatomy rescan (0 */6 * * *)
[2026-05-20T15:50:40.485Z] [INFO] Scheduled task: Consolidate old memory (0 2 * * *)
[2026-05-20T15:50:40.485Z] [INFO] Scheduled task: Token audit report (0 0 * * 1)
[2026-05-20T15:50:40.485Z] [INFO] Scheduled task: Cerebrum reflection (0 3 * * 0)
[2026-05-20T15:50:40.486Z] [INFO] Scheduled task: AI suggestions (0 4 * * 1)
[2026-05-20T15:50:40.486Z] [INFO] File watcher started on .wolf/
[2026-05-20T15:50:40.487Z] [INFO] OpenWolf daemon started
[2026-05-20T15:50:40.487Z] [INFO] Dashboard server listening on port 18791
[2026-05-20T15:50:40.646Z] [INFO] Scheduled task: Full anatomy rescan (0 */6 * * *)
[2026-05-20T15:50:40.647Z] [INFO] Scheduled task: Consolidate old memory (0 2 * * *)
[2026-05-20T15:50:40.648Z] [INFO] Scheduled task: Token audit report (0 0 * * 1)
[2026-05-20T15:50:40.648Z] [INFO] Scheduled task: Cerebrum reflection (0 3 * * 0)
[2026-05-20T15:50:40.648Z] [INFO] Scheduled task: AI suggestions (0 4 * * 1)
[2026-05-20T15:50:40.649Z] [INFO] File watcher started on .wolf/
[2026-05-20T15:50:40.649Z] [INFO] OpenWolf daemon started
[2026-05-20T15:50:40.649Z] [INFO] Dashboard server listening on port 18791
[2026-05-20T15:50:40.818Z] [INFO] Scheduled task: Full anatomy rescan (0 */6 * * *)
[2026-05-20T15:50:40.819Z] [INFO] Scheduled task: Consolidate old memory (0 2 * * *)
[2026-05-20T15:50:40.820Z] [INFO] Scheduled task: Token audit report (0 0 * * 1)
[2026-05-20T15:50:40.820Z] [INFO] Scheduled task: Cerebrum reflection (0 3 * * 0)
[2026-05-20T15:50:40.820Z] [INFO] Scheduled task: AI suggestions (0 4 * * 1)
[2026-05-20T15:50:40.821Z] [INFO] File watcher started on .wolf/
[2026-05-20T15:50:40.821Z] [INFO] OpenWolf daemon started
[2026-05-20T15:50:40.821Z] [INFO] Dashboard server listening on port 18791
[2026-05-20T15:50:40.980Z] [INFO] Scheduled task: Full anatomy rescan (0 */6 * * *)
[2026-05-20T15:50:40.982Z] [INFO] Scheduled task: Consolidate old memory (0 2 * * *)
[2026-05-20T15:50:40.982Z] [INFO] Scheduled task: Token audit report (0 0 * * 1)
[2026-05-20T15:50:40.982Z] [INFO] Scheduled task: Cerebrum reflection (0 3 * * 0)
[2026-05-20T15:50:40.983Z] [INFO] Scheduled task: AI suggestions (0 4 * * 1)
[2026-05-20T15:50:40.983Z] [INFO] File watcher started on .wolf/
[2026-05-20T15:50:40.984Z] [INFO] OpenWolf daemon started
[2026-05-20T15:50:40.984Z] [INFO] Dashboard server listening on port 18791
[2026-05-20T15:50:41.144Z] [INFO] Scheduled task: Full anatomy rescan (0 */6 * * *)
[2026-05-20T15:50:41.147Z] [INFO] Scheduled task: Consolidate old memory (0 2 * * *)
[2026-05-20T15:50:41.147Z] [INFO] Scheduled task: Token audit report (0 0 * * 1)
[2026-05-20T15:50:41.147Z] [INFO] Scheduled task: Cerebrum reflection (0 3 * * 0)
[2026-05-20T15:50:41.147Z] [INFO] Scheduled task: AI suggestions (0 4 * * 1)
[2026-05-20T15:50:41.148Z] [INFO] File watcher started on .wolf/
[2026-05-20T15:50:41.149Z] [INFO] OpenWolf daemon started
[2026-05-20T15:50:41.149Z] [INFO] Dashboard server listening on port 18791
[2026-05-20T15:50:41.334Z] [INFO] Scheduled task: Full anatomy rescan (0 */6 * * *)
[2026-05-20T15:50:41.336Z] [INFO] Scheduled task: Consolidate old memory (0 2 * * *)
[2026-05-20T15:50:41.336Z] [INFO] Scheduled task: Token audit report (0 0 * * 1)
[2026-05-20T15:50:41.336Z] [INFO] Scheduled task: Cerebrum reflection (0 3 * * 0)
[2026-05-20T15:50:41.336Z] [INFO] Scheduled task: AI suggestions (0 4 * * 1)
[2026-05-20T15:50:41.337Z] [INFO] File watcher started on .wolf/
[2026-05-20T15:50:41.337Z] [INFO] OpenWolf daemon started
[2026-05-20T15:50:41.338Z] [INFO] Dashboard server listening on port 18791
[2026-05-20T15:50:41.498Z] [INFO] Scheduled task: Full anatomy rescan (0 */6 * * *)
[2026-05-20T15:50:41.500Z] [INFO] Scheduled task: Consolidate old memory (0 2 * * *)
[2026-05-20T15:50:41.500Z] [INFO] Scheduled task: Token audit report (0 0 * * 1)
[2026-05-20T15:50:41.500Z] [INFO] Scheduled task: Cerebrum reflection (0 3 * * 0)
[2026-05-20T15:50:41.501Z] [INFO] Scheduled task: AI suggestions (0 4 * * 1)
[2026-05-20T15:50:41.501Z] [INFO] File watcher started on .wolf/
[2026-05-20T15:50:41.502Z] [INFO] OpenWolf daemon started
[2026-05-20T15:50:41.502Z] [INFO] Dashboard server listening on port 18791
[2026-05-20T15:50:41.660Z] [INFO] Scheduled task: Full anatomy rescan (0 */6 * * *)
[2026-05-20T15:50:41.661Z] [INFO] Scheduled task: Consolidate old memory (0 2 * * *)
[2026-05-20T15:50:41.662Z] [INFO] Scheduled task: Token audit report (0 0 * * 1)
[2026-05-20T15:50:41.662Z] [INFO] Scheduled task: Cerebrum reflection (0 3 * * 0)
[2026-05-20T15:50:41.662Z] [INFO] Scheduled task: AI suggestions (0 4 * * 1)
[2026-05-20T15:50:41.662Z] [INFO] File watcher started on .wolf/
[2026-05-20T15:50:41.663Z] [INFO] OpenWolf daemon started
[2026-05-20T15:50:41.663Z] [INFO] Dashboard server listening on port 18791
[2026-05-20T15:50:41.820Z] [INFO] Scheduled task: Full anatomy rescan (0 */6 * * *)
[2026-05-20T15:50:41.821Z] [INFO] Scheduled task: Consolidate old memory (0 2 * * *)
[2026-05-20T15:50:41.822Z] [INFO] Scheduled task: Token audit report (0 0 * * 1)
[2026-05-20T15:50:41.822Z] [INFO] Scheduled task: Cerebrum reflection (0 3 * * 0)
[2026-05-20T15:50:41.822Z] [INFO] Scheduled task: AI suggestions (0 4 * * 1)
[2026-05-20T15:50:41.823Z] [INFO] File watcher started on .wolf/
[2026-05-20T15:50:41.823Z] [INFO] OpenWolf daemon started
[2026-05-20T15:50:41.824Z] [INFO] Dashboard server listening on port 18791
[2026-05-20T15:50:41.976Z] [INFO] Scheduled task: Full anatomy rescan (0 */6 * * *)
[2026-05-20T15:50:41.977Z] [INFO] Scheduled task: Consolidate old memory (0 2 * * *)
[2026-05-20T15:50:41.978Z] [INFO] Scheduled task: Token audit report (0 0 * * 1)
[2026-05-20T15:50:41.978Z] [INFO] Scheduled task: Cerebrum reflection (0 3 * * 0)
[2026-05-20T15:50:41.978Z] [INFO] Scheduled task: AI suggestions (0 4 * * 1)
[2026-05-20T15:50:41.979Z] [INFO] File watcher started on .wolf/
[2026-05-20T15:50:41.979Z] [INFO] OpenWolf daemon started
[2026-05-20T15:50:41.980Z] [INFO] Dashboard server listening on port 18791
